{"span": {"nll": 4.17928790385834, "token_accuracy": 0.23475107154632377, "parallel_exact_match": 0.12, "targets": 3033, "examples": 400, "meaning": "Exact reference reconstruction; valid alternative wording can score zero"}, "causal": {"nll": 1.9087050056633172, "perplexity": 6.744349246838406, "accuracy": 0.5646099197474017, "tokens": 76010}}
{"case": "challenge-000", "top1": true, "top": "sad"}
{"case": "challenge-001", "top1": true, "top": "happy"}
{"case": "challenge-002", "top1": false, "top": "sad"}
{"case": "challenge-003", "top1": false, "top": "very hot"}
{"case": "challenge-004", "top1": false, "top": "very sleepy"}
{"case": "challenge-005", "top1": false, "top": "so happy"}
{"case": "challenge-006", "top1": true, "top": "blue"}
{"case": "challenge-007", "top1": true, "top": "red"}
{"case": "challenge-008", "top1": true, "top": "ball"}
{"case": "challenge-009", "top1": true, "top": "seed"}
{"case": "challenge-010", "top1": true, "top": "book"}
{"case": "challenge-011", "top1": true, "top": "cake"}
{"case": "challenge-012", "top1": false, "top": "no"}
{"case": "challenge-013", "top1": true, "top": "wet"}
{"case": "challenge-014", "top1": false, "top": "bigger"}
{"case": "challenge-015", "top1": true, "top": "dark"}
{"case": "challenge-016", "top1": false, "top": "help"}
{"case": "challenge-017", "top1": false, "top": "a"}
{"case": "challenge-018", "top1": false, "top": "with toys"}
{"case": "challenge-019", "top1": false, "top": "in"}
{"case": "challenge-020", "top1": true, "top": "nest"}
{"case": "challenge-021", "top1": true, "top": "pond"}
{"case": "challenge-022", "top1": true, "top": "pocket"}
{"case": "challenge-023", "top1": true, "top": "table"}
{"case": "challenge-024", "top1": true, "top": "She"}
{"case": "challenge-025", "top1": true, "top": "He"}
{"case": "challenge-026", "top1": false, "top": "They were"}
{"case": "challenge-027", "top1": true, "top": "dog"}
{"case": "challenge-028", "top1": true, "top": "They"}
{"case": "challenge-029", "top1": false, "top": "bird had"}
{"case": "challenge-030", "top1": false, "top": "went"}
{"case": "challenge-031", "top1": false, "top": "took out"}
{"case": "challenge-032", "top1": false, "top": "was a"}
{"case": "challenge-033", "top1": true, "top": "were"}
{"case": "challenge-034", "top1": false, "top": "went to"}
{"case": "challenge-035", "top1": false, "top": "some"}
{"examples": 36, "top1": 0.5277777777777778, "top3": 0.5833333333333334, "context_preserved": 1.0, "empty": 0.0, "median_latency_ms": 127.71950001479127, "by_category": {"agreement": {"top1": 0.16666666666666666, "top3": 0.16666666666666666, "context_preserved": 1.0, "empty": 0.0}, "emotion": {"top1": 0.3333333333333333, "top3": 0.6666666666666666, "context_preserved": 1.0, "empty": 0.0}, "identity": {"top1": 0.6666666666666666, "top3": 0.6666666666666666, "context_preserved": 1.0, "empty": 0.0}, "location": {"top1": 0.6666666666666666, "top3": 0.6666666666666666, "context_preserved": 1.0, "empty": 0.0}, "object": {"top1": 1.0, "top3": 1.0, "context_preserved": 1.0, "empty": 0.0}, "state": {"top1": 0.3333333333333333, "top3": 0.3333333333333333, "context_preserved": 1.0, "empty": 0.0}}}
